// Jest Snapshot v1, https://goo.gl/fbAQLP

exports[`<PostCard /> should match snapshot 1`] = `
<div>
  <img
    alt="title"
    src="img/img.png"
  />
  <h2>
    title
     
    1
  </h2>
  <p>
    body
  </p>
</div>
`;
